{
  "foundryUrl": "https://example.palantirfoundry.com",
  "site": {
    "application": "ri.third-party-applications.main.application.fake",
    "directory": "./out",
    "autoVersion": {
      "type": "git-describe",
      "tagPrefix": ""
    }
  }
}
