{
  "name": "expected-template-next-static-export",
  "private": true,
  "version": "0.0.0",
  "scripts": {
    "dev": "next dev -p 8080",
    "build": "next build",
    "start": "next start",
    "lint": "next lint"
  },
  "dependencies": {
    "@fake/sdk": "latest",
    "react": "^18",
    "react-dom": "^18",
    "next": "14.0.4"
  },
  "devDependencies": {
    "typescript": "^5",
    "@types/node": "^20",
    "@types/react": "^18",
    "@types/react-dom": "^18",
    "eslint": "^8",
    "eslint-config-next": "14.0.4"
  }
}
